Rc files read (in order):
  NONE
Latexmk: This is Latexmk, John Collins, 9 March 2026. Version 4.88.
No existing .aux file, so I'll make a simple one, and require run of *latex.
Latexmk: applying rule 'xelatex'...
Rule 'xelatex':  Reasons for rerun
Category 'other':
  Rerun of 'xelatex' forced or previously required:
    Reason or flag: 'Initial setup'

------------
Run number 1 of rule 'xelatex'
------------
------------
Running 'xelatex -no-pdf -synctex=1 -interaction=batchmode -file-line-error -shell-escape -recorder  "myst.tex"'
------------
This is XeTeX, Version 3.141592653-2.6-0.999998 (TeX Live 2026) (preloaded format=xelatex)
 \write18 enabled.
entering extended mode

SyncTeX written on myst.synctex.gz.Latexmk: Getting log file 'myst.log'
Latexmk: Examining 'myst.fls'
Latexmk: Examining 'myst.log'
Latexmk: References changed.
Latexmk: Missing input file 'myst.toc' message in .log file:
  No file myst.toc.
Latexmk: References changed.
Latexmk: Log file says output to 'myst.xdv'
Latexmk: applying rule 'xelatex'...
Rule 'xelatex':  Reasons for rerun
Changed files or newly in use/created:
  myst-intro.aux
  myst-probspace.aux
  myst.aux
  myst.out
  myst.toc

------------
Run number 2 of rule 'xelatex'
------------
------------
Running 'xelatex -no-pdf -synctex=1 -interaction=batchmode -file-line-error -shell-escape -recorder  "myst.tex"'
------------
This is XeTeX, Version 3.141592653-2.6-0.999998 (TeX Live 2026) (preloaded format=xelatex)
 \write18 enabled.
entering extended mode

SyncTeX written on myst.synctex.gz.Latexmk: Getting log file 'myst.log'
Latexmk: Examining 'myst.fls'
Latexmk: Examining 'myst.log'
Latexmk: Log file says output to 'myst.xdv'
Latexmk: applying rule 'xdvipdfmx'...
Rule 'xdvipdfmx':  Reasons for rerun
Changed files or newly in use/created:
  myst.xdv
Category 'changed_source_rules':
  xelatex
Category 'no_dest':
  xdvipdfmx

------------
Run number 1 of rule 'xdvipdfmx'
------------
------------
Running 'xdvipdfmx -E -o "myst.pdf"  "myst.xdv"'
------------
myst.xdv -> myst.pdf
[1][2
xdvipdfmx:warning: Object @page.i already defined.
][3][4][5][6]
52698 bytes written
Latexmk: All targets (myst.xdv myst.pdf) are up-to-date

