Rc files read (in order):
  NONE
Latexmk: This is Latexmk, John Collins, 9 March 2026. Version 4.88.
No existing .aux file, so I'll make a simple one, and require run of *latex.
Latexmk: applying rule 'xelatex'...
Rule 'xelatex':  Reasons for rerun
Category 'other':
  Rerun of 'xelatex' forced or previously required:
    Reason or flag: 'Initial setup'

------------
Run number 1 of rule 'xelatex'
------------
------------
Running 'xelatex -no-pdf -synctex=1 -interaction=batchmode -file-line-error -shell-escape -recorder  "myst.tex"'
------------
This is XeTeX, Version 3.141592653-2.6-0.999998 (TeX Live 2026) (preloaded format=xelatex)
 \write18 enabled.
entering extended mode

SyncTeX written on myst.synctex.gz.Latexmk: Getting log file 'myst.log'
Latexmk: Examining 'myst.fls'
Latexmk: Examining 'myst.log'
Latexmk: References changed.
Latexmk: Missing bbl file 'myst.bbl' in following:
 No file myst.bbl.
Latexmk: References changed.
Latexmk: Log file says output to 'myst.xdv'
Latexmk: Using bibtex to make bibliography file(s).
  ===Source file 'myst.bbl' for 'xelatex'
Create bibtex myst
Latexmk: Found bibliography file(s):
  main.bib
Bib file(s) not found in search path:
  main.bib
Latexmk: Failed to find one or more bibliography files in search path.
====BUT force_mode is on, so I will continue. There may be problems ===
Latexmk: Veto of running of 'bibtex myst' ($bibtex_use=1)
Latexmk: applying rule 'xelatex'...
Rule 'xelatex':  Reasons for rerun
Changed files or newly in use/created:
  myst-intro.aux
  myst-probspace.aux
  myst.aux
  myst.out

------------
Run number 2 of rule 'xelatex'
------------
------------
Running 'xelatex -no-pdf -synctex=1 -interaction=batchmode -file-line-error -shell-escape -recorder  "myst.tex"'
------------
This is XeTeX, Version 3.141592653-2.6-0.999998 (TeX Live 2026) (preloaded format=xelatex)
 \write18 enabled.
entering extended mode

SyncTeX written on myst.synctex.gz.Latexmk: Getting log file 'myst.log'
Latexmk: Examining 'myst.fls'
Latexmk: Examining 'myst.log'
Latexmk: Missing bbl file 'myst.bbl' in following:
 No file myst.bbl.
Latexmk: Log file says output to 'myst.xdv'
Latexmk: Using bibtex to make bibliography file(s).
  ===Source file 'myst.bbl' for 'xelatex'
Latexmk: Found bibliography file(s):
  main.bib
Bib file(s) not found in search path:
  main.bib
Latexmk: Failed to find one or more bibliography files in search path.
====BUT force_mode is on, so I will continue. There may be problems ===
Latexmk: Veto of running of 'bibtex myst' ($bibtex_use=1)
Latexmk: applying rule 'xdvipdfmx'...
Rule 'xdvipdfmx':  Reasons for rerun
Changed files or newly in use/created:
  myst.xdv
Category 'changed_source_rules':
  xelatex
Category 'no_dest':
  xdvipdfmx

------------
Run number 1 of rule 'xdvipdfmx'
------------
------------
Running 'xdvipdfmx -E -o "myst.pdf"  "myst.xdv"'
------------
myst.xdv -> myst.pdf
[1][2][3][4][5][6]
65824 bytes written
Latexmk: Veto of running of 'bibtex myst' ($bibtex_use=1)

Latexmk: The following rule(s) were vetoed from being run, because of
the setting for the non-use/conditional use of bibtex/biber:
  bibtex myst
Reason: I am configured only to use bibtex/biber if all .bib files exist,
but the following didn't:
  main.bib
Latexmk: Errors, in force_mode: so I tried finishing targets
Collected error summary (may duplicate other messages):
  xelatex: Command for 'xelatex' gave return code 1
      Refer to 'myst.log' and/or above output for details

